#2026 09 16 09:53:30.230#Z#DEBUG#52171575-b1b4-11f1-bf33-eeee0a8e3dbc.incident-management-srv#flowable-async-job-executor-thread-12413#
[PollStageAppStatusExecution] 3aa583c2-6c70-4dd2-8a10-7716453168c8 [2026-09-16T09:52:42.465406] Added process: "web" (STDOUT, API)#
#2026 09 16 09:53:30.230#Z#DEBUG#52171575-b1b4-11f1-bf33-eeee0a8e3dbc.incident-management-srv#flowable-async-job-executor-thread-12413#
[PollStageAppStatusExecution] 3aa583c2-6c70-4dd2-8a10-7716453168c8 [2026-09-16T09:52:42.473785] Created app with guid 3aa583c2-6c70-4dd2-8a10-7716453168c8 (STDOUT, API)#
#2026 09 16 09:53:30.230#Z#DEBUG#52171575-b1b4-11f1-bf33-eeee0a8e3dbc.incident-management-srv#flowable-async-job-executor-thread-12413#
[PollStageAppStatusExecution] 3aa583c2-6c70-4dd2-8a10-7716453168c8 [2026-09-16T09:52:42.564757] Updating process: "web" (STDOUT, API)#
#2026 09 16 09:53:30.230#Z#DEBUG#52171575-b1b4-11f1-bf33-eeee0a8e3dbc.incident-management-srv#flowable-async-job-executor-thread-12413#
[PollStageAppStatusExecution] 3aa583c2-6c70-4dd2-8a10-7716453168c8 [2026-09-16T09:52:42.627745] Scaling process: "web" (STDOUT, API)#
#2026 09 16 09:53:30.230#Z#DEBUG#52171575-b1b4-11f1-bf33-eeee0a8e3dbc.incident-management-srv#flowable-async-job-executor-thread-12413#
[PollStageAppStatusExecution] 3aa583c2-6c70-4dd2-8a10-7716453168c8 [2026-09-16T09:53:10.395008] Uploading app package for app with guid 3aa583c2-6c70-4dd2-8a10-7716453168c8 (STDOUT, API)#
#2026 09 16 09:53:30.230#Z#DEBUG#52171575-b1b4-11f1-bf33-eeee0a8e3dbc.incident-management-srv#flowable-async-job-executor-thread-12413#
[PollStageAppStatusExecution] 3aa583c2-6c70-4dd2-8a10-7716453168c8 [2026-09-16T09:53:10.571966] Updated app with guid 3aa583c2-6c70-4dd2-8a10-7716453168c8 ({"environment_variables"=>"[PRIVATE DATA HIDDEN]"}) (STDOUT, API)#
#2026 09 16 09:53:30.230#Z#DEBUG#52171575-b1b4-11f1-bf33-eeee0a8e3dbc.incident-management-srv#flowable-async-job-executor-thread-12413#
[PollStageAppStatusExecution] 3aa583c2-6c70-4dd2-8a10-7716453168c8 [2026-09-16T09:53:20.380113] Creating build for app with guid 3aa583c2-6c70-4dd2-8a10-7716453168c8 (STDOUT, API)#
#2026 09 16 09:53:30.230#Z#DEBUG#52171575-b1b4-11f1-bf33-eeee0a8e3dbc.incident-management-srv#flowable-async-job-executor-thread-12413#
[PollStageAppStatusExecution] 3aa583c2-6c70-4dd2-8a10-7716453168c8 [2026-09-16T09:53:20.770632] Downloading nodejs_buildpack... (STDOUT, STG)#
#2026 09 16 09:53:30.230#Z#DEBUG#52171575-b1b4-11f1-bf33-eeee0a8e3dbc.incident-management-srv#flowable-async-job-executor-thread-12413#
[PollStageAppStatusExecution] 3aa583c2-6c70-4dd2-8a10-7716453168c8 [2026-09-16T09:53:20.814604] Downloaded nodejs_buildpack (STDOUT, STG)#
#2026 09 16 09:53:30.230#Z#DEBUG#52171575-b1b4-11f1-bf33-eeee0a8e3dbc.incident-management-srv#flowable-async-job-executor-thread-12413#
[PollStageAppStatusExecution] 3aa583c2-6c70-4dd2-8a10-7716453168c8 [2026-09-16T09:53:20.814694] Cell c839c7b1-088e-41af-b9b7-66256aacd457 creating container for instance e4ada52a-7f40-431f-a90b-13108a62718c (STDOUT, STG)#
#2026 09 16 09:53:30.230#Z#DEBUG#52171575-b1b4-11f1-bf33-eeee0a8e3dbc.incident-management-srv#flowable-async-job-executor-thread-12413#
[PollStageAppStatusExecution] 3aa583c2-6c70-4dd2-8a10-7716453168c8 [2026-09-16T09:53:21.524045] Security group rules were updated (STDOUT, STG)#
#2026 09 16 09:53:30.230#Z#DEBUG#52171575-b1b4-11f1-bf33-eeee0a8e3dbc.incident-management-srv#flowable-async-job-executor-thread-12413#
[PollStageAppStatusExecution] 3aa583c2-6c70-4dd2-8a10-7716453168c8 [2026-09-16T09:53:21.608631] Cell c839c7b1-088e-41af-b9b7-66256aacd457 successfully created container for instance e4ada52a-7f40-431f-a90b-13108a62718c (STDOUT, STG)#
#2026 09 16 09:53:30.230#Z#DEBUG#52171575-b1b4-11f1-bf33-eeee0a8e3dbc.incident-management-srv#flowable-async-job-executor-thread-12413#
[PollStageAppStatusExecution] 3aa583c2-6c70-4dd2-8a10-7716453168c8 [2026-09-16T09:53:22.573152] Downloading app package... (STDOUT, STG)#
#2026 09 16 09:53:30.230#Z#DEBUG#52171575-b1b4-11f1-bf33-eeee0a8e3dbc.incident-management-srv#flowable-async-job-executor-thread-12413#
[PollStageAppStatusExecution] 3aa583c2-6c70-4dd2-8a10-7716453168c8 [2026-09-16T09:53:23.114183] Downloaded app package (3.5M) (STDOUT, STG)#
#2026 09 16 09:53:30.230#Z#DEBUG#52171575-b1b4-11f1-bf33-eeee0a8e3dbc.incident-management-srv#flowable-async-job-executor-thread-12413#
[PollStageAppStatusExecution] 3aa583c2-6c70-4dd2-8a10-7716453168c8 [2026-09-16T09:53:23.224290] -----> Nodejs Buildpack version 1.9.3 (STDOUT, STG)#
#2026 09 16 09:53:30.230#Z#DEBUG#52171575-b1b4-11f1-bf33-eeee0a8e3dbc.incident-management-srv#flowable-async-job-executor-thread-12413#
[PollStageAppStatusExecution] 3aa583c2-6c70-4dd2-8a10-7716453168c8 [2026-09-16T09:53:23.399719] -----> Bootstrapping python (STDOUT, STG)#
#2026 09 16 09:53:30.230#Z#DEBUG#52171575-b1b4-11f1-bf33-eeee0a8e3dbc.incident-management-srv#flowable-async-job-executor-thread-12413#
[PollStageAppStatusExecution] 3aa583c2-6c70-4dd2-8a10-7716453168c8 [2026-09-16T09:53:23.399746] -----> Installing python 3.13.14 (STDOUT, STG)#
#2026 09 16 09:53:30.230#Z#DEBUG#52171575-b1b4-11f1-bf33-eeee0a8e3dbc.incident-management-srv#flowable-async-job-executor-thread-12413#
[PollStageAppStatusExecution] 3aa583c2-6c70-4dd2-8a10-7716453168c8 [2026-09-16T09:53:23.399783] Copy [/tmp/buildpacks/336fb825d4d72bff/dependencies/4b4266a2ff36730aef37b88b668ca327/python_3.13.14_linux_x64_cflinuxfs4_b80d4954.tgz] (STDOUT, STG)#
#2026 09 16 09:53:30.230#Z#DEBUG#52171575-b1b4-11f1-bf33-eeee0a8e3dbc.incident-management-srv#flowable-async-job-executor-thread-12413#
[PollStageAppStatusExecution] 3aa583c2-6c70-4dd2-8a10-7716453168c8 [2026-09-16T09:53:27.782368] -----> Installing binaries (STDOUT, STG)#
#2026 09 16 09:53:30.230#Z#DEBUG#52171575-b1b4-11f1-bf33-eeee0a8e3dbc.incident-management-srv#flowable-async-job-executor-thread-12413#
[PollStageAppStatusExecution] 3aa583c2-6c70-4dd2-8a10-7716453168c8 [2026-09-16T09:53:27.782576] engines.node (package.json): ^24 (STDOUT, STG)#
#2026 09 16 09:53:30.230#Z#DEBUG#52171575-b1b4-11f1-bf33-eeee0a8e3dbc.incident-management-srv#flowable-async-job-executor-thread-12413#
[PollStageAppStatusExecution] 3aa583c2-6c70-4dd2-8a10-7716453168c8 [2026-09-16T09:53:27.782607] engines.npm (package.json): unspecified (use default) (STDOUT, STG)#
#2026 09 16 09:53:30.230#Z#DEBUG#52171575-b1b4-11f1-bf33-eeee0a8e3dbc.incident-management-srv#flowable-async-job-executor-thread-12413#
[PollStageAppStatusExecution] 3aa583c2-6c70-4dd2-8a10-7716453168c8 [2026-09-16T09:53:27.782641] -----> Installing node 24.18.0 (STDOUT, STG)#
#2026 09 16 09:53:30.230#Z#DEBUG#52171575-b1b4-11f1-bf33-eeee0a8e3dbc.incident-management-srv#flowable-async-job-executor-thread-12413#
[PollStageAppStatusExecution] 3aa583c2-6c70-4dd2-8a10-7716453168c8 [2026-09-16T09:53:27.782868] Copy [/tmp/buildpacks/336fb825d4d72bff/dependencies/dffbbb835fcd073c4544f78eb6247fac/node_24.18.0_linux_x64_cflinuxfs4_cdfed650.tgz] (STDOUT, STG)#
#2026 09 16 09:53:40.295#Z#DEBUG#52171575-b1b4-11f1-bf33-eeee0a8e3dbc.incident-management-srv#flowable-async-job-executor-thread-15197#
[PollStageAppStatusExecution] 3aa583c2-6c70-4dd2-8a10-7716453168c8 [2026-09-16T09:53:30.316255] Using default npm version: 11.16.0 (STDOUT, STG)#
#2026 09 16 09:53:40.295#Z#DEBUG#52171575-b1b4-11f1-bf33-eeee0a8e3dbc.incident-management-srv#flowable-async-job-executor-thread-15197#
[PollStageAppStatusExecution] 3aa583c2-6c70-4dd2-8a10-7716453168c8 [2026-09-16T09:53:30.316292] -----> Installing yarn 1.22.22 (STDOUT, STG)#
#2026 09 16 09:53:40.295#Z#DEBUG#52171575-b1b4-11f1-bf33-eeee0a8e3dbc.incident-management-srv#flowable-async-job-executor-thread-15197#
[PollStageAppStatusExecution] 3aa583c2-6c70-4dd2-8a10-7716453168c8 [2026-09-16T09:53:30.316408] Copy [/tmp/buildpacks/336fb825d4d72bff/dependencies/e4fe26756e9984a665478d350474fa2e/yarn_1.22.22_linux_noarch_any-stack_b6132b86.tgz] (STDOUT, STG)#
#2026 09 16 09:53:40.295#Z#DEBUG#52171575-b1b4-11f1-bf33-eeee0a8e3dbc.incident-management-srv#flowable-async-job-executor-thread-15197#
[PollStageAppStatusExecution] 3aa583c2-6c70-4dd2-8a10-7716453168c8 [2026-09-16T09:53:30.666846] Installed yarn 1.22.22 (STDOUT, STG)#
#2026 09 16 09:53:40.295#Z#DEBUG#52171575-b1b4-11f1-bf33-eeee0a8e3dbc.incident-management-srv#flowable-async-job-executor-thread-15197#
[PollStageAppStatusExecution] 3aa583c2-6c70-4dd2-8a10-7716453168c8 [2026-09-16T09:53:30.666880] -----> Creating runtime environment (STDOUT, STG)#
#2026 09 16 09:53:40.295#Z#DEBUG#52171575-b1b4-11f1-bf33-eeee0a8e3dbc.incident-management-srv#flowable-async-job-executor-thread-15197#
[PollStageAppStatusExecution] 3aa583c2-6c70-4dd2-8a10-7716453168c8 [2026-09-16T09:53:30.669174] NODE_ENV=production (STDOUT, STG)#
#2026 09 16 09:53:40.295#Z#DEBUG#52171575-b1b4-11f1-bf33-eeee0a8e3dbc.incident-management-srv#flowable-async-job-executor-thread-15197#
[PollStageAppStatusExecution] 3aa583c2-6c70-4dd2-8a10-7716453168c8 [2026-09-16T09:53:30.669809] NODE_HOME=/tmp/contents2378208425/deps/0/node (STDOUT, STG)#
#2026 09 16 09:53:40.295#Z#DEBUG#52171575-b1b4-11f1-bf33-eeee0a8e3dbc.incident-management-srv#flowable-async-job-executor-thread-15197#
[PollStageAppStatusExecution] 3aa583c2-6c70-4dd2-8a10-7716453168c8 [2026-09-16T09:53:30.669835] NODE_MODULES_CACHE=true (STDOUT, STG)#
#2026 09 16 09:53:40.295#Z#DEBUG#52171575-b1b4-11f1-bf33-eeee0a8e3dbc.incident-management-srv#flowable-async-job-executor-thread-15197#
[PollStageAppStatusExecution] 3aa583c2-6c70-4dd2-8a10-7716453168c8 [2026-09-16T09:53:30.669848] NODE_VERBOSE=false (STDOUT, STG)#
#2026 09 16 09:53:40.295#Z#DEBUG#52171575-b1b4-11f1-bf33-eeee0a8e3dbc.incident-management-srv#flowable-async-job-executor-thread-15197#
[PollStageAppStatusExecution] 3aa583c2-6c70-4dd2-8a10-7716453168c8 [2026-09-16T09:53:30.669851] NPM_CONFIG_LOGLEVEL=error (STDOUT, STG)#
#2026 09 16 09:53:40.295#Z#DEBUG#52171575-b1b4-11f1-bf33-eeee0a8e3dbc.incident-management-srv#flowable-async-job-executor-thread-15197#
[PollStageAppStatusExecution] 3aa583c2-6c70-4dd2-8a10-7716453168c8 [2026-09-16T09:53:30.669854] NPM_CONFIG_PRODUCTION=true (STDOUT, STG)#
#2026 09 16 09:53:40.295#Z#DEBUG#52171575-b1b4-11f1-bf33-eeee0a8e3dbc.incident-management-srv#flowable-async-job-executor-thread-15197#
[PollStageAppStatusExecution] 3aa583c2-6c70-4dd2-8a10-7716453168c8 [2026-09-16T09:53:30.669857] -----> Building dependencies (STDOUT, STG)#
#2026 09 16 09:53:40.295#Z#DEBUG#52171575-b1b4-11f1-bf33-eeee0a8e3dbc.incident-management-srv#flowable-async-job-executor-thread-15197#
[PollStageAppStatusExecution] 3aa583c2-6c70-4dd2-8a10-7716453168c8 [2026-09-16T09:53:30.669859] Prebuild detected (node_modules already exists) (STDOUT, STG)#
#2026 09 16 09:53:40.295#Z#DEBUG#52171575-b1b4-11f1-bf33-eeee0a8e3dbc.incident-management-srv#flowable-async-job-executor-thread-15197#
[PollStageAppStatusExecution] 3aa583c2-6c70-4dd2-8a10-7716453168c8 [2026-09-16T09:53:30.669861] Rebuilding any native modules (STDOUT, STG)#
#2026 09 16 09:53:40.295#Z#DEBUG#52171575-b1b4-11f1-bf33-eeee0a8e3dbc.incident-management-srv#flowable-async-job-executor-thread-15197#
[PollStageAppStatusExecution] 3aa583c2-6c70-4dd2-8a10-7716453168c8 [2026-09-16T09:53:31.502762] rebuilt dependencies successfully (STDOUT, STG)#
#2026 09 16 09:53:40.295#Z#DEBUG#52171575-b1b4-11f1-bf33-eeee0a8e3dbc.incident-management-srv#flowable-async-job-executor-thread-15197#
[PollStageAppStatusExecution] 3aa583c2-6c70-4dd2-8a10-7716453168c8 [2026-09-16T09:53:31.505219] npm notice (STDOUT, STG)#
#2026 09 16 09:53:40.295#Z#DEBUG#52171575-b1b4-11f1-bf33-eeee0a8e3dbc.incident-management-srv#flowable-async-job-executor-thread-15197#
[PollStageAppStatusExecution] 3aa583c2-6c70-4dd2-8a10-7716453168c8 [2026-09-16T09:53:31.505249] npm notice New major version of npm available! 11.16.0 -> 12.0.2 (STDOUT, STG)#
#2026 09 16 09:53:40.295#Z#DEBUG#52171575-b1b4-11f1-bf33-eeee0a8e3dbc.incident-management-srv#flowable-async-job-executor-thread-15197#
[PollStageAppStatusExecution] 3aa583c2-6c70-4dd2-8a10-7716453168c8 [2026-09-16T09:53:31.505253] npm notice Changelog: https://github.com/npm/cli/releases/tag/v12.0.2 (STDOUT, STG)#
#2026 09 16 09:53:40.295#Z#DEBUG#52171575-b1b4-11f1-bf33-eeee0a8e3dbc.incident-management-srv#flowable-async-job-executor-thread-15197#
[PollStageAppStatusExecution] 3aa583c2-6c70-4dd2-8a10-7716453168c8 [2026-09-16T09:53:31.505256] npm notice To update run: npm install -g npm@12.0.2 (STDOUT, STG)#
#2026 09 16 09:53:40.295#Z#DEBUG#52171575-b1b4-11f1-bf33-eeee0a8e3dbc.incident-management-srv#flowable-async-job-executor-thread-15197#
[PollStageAppStatusExecution] 3aa583c2-6c70-4dd2-8a10-7716453168c8 [2026-09-16T09:53:31.505276] npm notice (STDOUT, STG)#
#2026 09 16 09:53:40.295#Z#DEBUG#52171575-b1b4-11f1-bf33-eeee0a8e3dbc.incident-management-srv#flowable-async-job-executor-thread-15197#
[PollStageAppStatusExecution] 3aa583c2-6c70-4dd2-8a10-7716453168c8 [2026-09-16T09:53:31.579350] Installing any new modules (package.json + package-lock.json) (STDOUT, STG)#
#2026 09 16 09:53:40.295#Z#DEBUG#52171575-b1b4-11f1-bf33-eeee0a8e3dbc.incident-management-srv#flowable-async-job-executor-thread-15197#
[PollStageAppStatusExecution] 3aa583c2-6c70-4dd2-8a10-7716453168c8 [2026-09-16T09:53:32.316527] up to date in 641ms (STDOUT, STG)#
#2026 09 16 09:53:40.295#Z#DEBUG#52171575-b1b4-11f1-bf33-eeee0a8e3dbc.incident-management-srv#flowable-async-job-executor-thread-15197#
[PollStageAppStatusExecution] 3aa583c2-6c70-4dd2-8a10-7716453168c8 [2026-09-16T09:53:32.316564] 31 packages are looking for funding (STDOUT, STG)#
#2026 09 16 09:53:40.295#Z#DEBUG#52171575-b1b4-11f1-bf33-eeee0a8e3dbc.incident-management-srv#flowable-async-job-executor-thread-15197#
[PollStageAppStatusExecution] 3aa583c2-6c70-4dd2-8a10-7716453168c8 [2026-09-16T09:53:32.316570] run `npm fund` for details (STDOUT, STG)#
#2026 09 16 09:53:40.295#Z#DEBUG#52171575-b1b4-11f1-bf33-eeee0a8e3dbc.incident-management-srv#flowable-async-job-executor-thread-15197#
[PollStageAppStatusExecution] 3aa583c2-6c70-4dd2-8a10-7716453168c8 [2026-09-16T09:53:33.044836] Contrast Security no credentials found. Will not write environment files. (STDOUT, STG)#
#2026 09 16 09:53:50.368#Z#DEBUG#52171575-b1b4-11f1-bf33-eeee0a8e3dbc.incident-management-srv#flowable-async-job-executor-thread-12430#
[PollStageAppStatusExecution] 3aa583c2-6c70-4dd2-8a10-7716453168c8 [2026-09-16T09:53:42.534258] Exit status 0 (STDOUT, STG)#
#2026 09 16 09:53:50.368#Z#DEBUG#52171575-b1b4-11f1-bf33-eeee0a8e3dbc.incident-management-srv#flowable-async-job-executor-thread-12430#
[PollStageAppStatusExecution] 3aa583c2-6c70-4dd2-8a10-7716453168c8 [2026-09-16T09:53:42.534303] Uploading droplet, build artifacts cache... (STDOUT, STG)#
#2026 09 16 09:53:50.368#Z#DEBUG#52171575-b1b4-11f1-bf33-eeee0a8e3dbc.incident-management-srv#flowable-async-job-executor-thread-12430#
[PollStageAppStatusExecution] 3aa583c2-6c70-4dd2-8a10-7716453168c8 [2026-09-16T09:53:42.534344] Uploading droplet... (STDOUT, STG)#
#2026 09 16 09:53:50.368#Z#DEBUG#52171575-b1b4-11f1-bf33-eeee0a8e3dbc.incident-management-srv#flowable-async-job-executor-thread-12430#
[PollStageAppStatusExecution] 3aa583c2-6c70-4dd2-8a10-7716453168c8 [2026-09-16T09:53:42.534684] Uploading build artifacts cache... (STDOUT, STG)#
#2026 09 16 09:53:50.368#Z#DEBUG#52171575-b1b4-11f1-bf33-eeee0a8e3dbc.incident-management-srv#flowable-async-job-executor-thread-12430#
[PollStageAppStatusExecution] 3aa583c2-6c70-4dd2-8a10-7716453168c8 [2026-09-16T09:53:42.570016] Uploaded build artifacts cache (215B) (STDOUT, STG)#
#2026 09 16 09:53:50.368#Z#DEBUG#52171575-b1b4-11f1-bf33-eeee0a8e3dbc.incident-management-srv#flowable-async-job-executor-thread-12430#
[PollStageAppStatusExecution] 3aa583c2-6c70-4dd2-8a10-7716453168c8 [2026-09-16T09:53:43.220044] Creating droplet for app with guid 3aa583c2-6c70-4dd2-8a10-7716453168c8 (STDOUT, API)#
#2026 09 16 09:53:50.368#Z#DEBUG#52171575-b1b4-11f1-bf33-eeee0a8e3dbc.incident-management-srv#flowable-async-job-executor-thread-12430#
[PollStageAppStatusExecution] 3aa583c2-6c70-4dd2-8a10-7716453168c8 [2026-09-16T09:53:46.297736] Uploaded droplet (60M) (STDOUT, STG)#
#2026 09 16 09:53:50.368#Z#DEBUG#52171575-b1b4-11f1-bf33-eeee0a8e3dbc.incident-management-srv#flowable-async-job-executor-thread-12430#
[PollStageAppStatusExecution] 3aa583c2-6c70-4dd2-8a10-7716453168c8 [2026-09-16T09:53:46.317515] Uploading complete (STDOUT, STG)#
#2026 09 16 09:53:50.368#Z#DEBUG#52171575-b1b4-11f1-bf33-eeee0a8e3dbc.incident-management-srv#flowable-async-job-executor-thread-12430#
[PollStageAppStatusExecution] 3aa583c2-6c70-4dd2-8a10-7716453168c8 [2026-09-16T09:53:47.230014] Cell c839c7b1-088e-41af-b9b7-66256aacd457 stopping instance e4ada52a-7f40-431f-a90b-13108a62718c (STDOUT, STG)#
#2026 09 16 09:53:50.368#Z#DEBUG#52171575-b1b4-11f1-bf33-eeee0a8e3dbc.incident-management-srv#flowable-async-job-executor-thread-12430#
[PollStageAppStatusExecution] 3aa583c2-6c70-4dd2-8a10-7716453168c8 [2026-09-16T09:53:47.230053] Cell c839c7b1-088e-41af-b9b7-66256aacd457 destroying container for instance e4ada52a-7f40-431f-a90b-13108a62718c (STDOUT, STG)#
#2026 09 16 09:53:50.368#Z#DEBUG#52171575-b1b4-11f1-bf33-eeee0a8e3dbc.incident-management-srv#flowable-async-job-executor-thread-12430#
[PollStageAppStatusExecution] 3aa583c2-6c70-4dd2-8a10-7716453168c8 [2026-09-16T09:53:47.286475] Staging complete for build e4ada52a-7f40-431f-a90b-13108a62718c (STDOUT, API)#
#2026 09 16 09:53:50.368#Z#DEBUG#52171575-b1b4-11f1-bf33-eeee0a8e3dbc.incident-management-srv#flowable-async-job-executor-thread-12430#
[PollStageAppStatusExecution] 3aa583c2-6c70-4dd2-8a10-7716453168c8 [2026-09-16T09:53:49.772914] Cell c839c7b1-088e-41af-b9b7-66256aacd457 successfully destroyed container for instance e4ada52a-7f40-431f-a90b-13108a62718c (STDOUT, STG)#
#2026 09 16 09:54:00.524#Z#DEBUG#52171575-b1b4-11f1-bf33-eeee0a8e3dbc.incident-management-srv#flowable-async-job-executor-thread-15211#
[PollStartAppStatusExecution] 3aa583c2-6c70-4dd2-8a10-7716453168c8 [2026-09-16T09:53:50.451745] Updated app with guid 3aa583c2-6c70-4dd2-8a10-7716453168c8 ({:droplet_guid=>"2975da29-00cf-44c2-8cfb-c033b4b6c59b"}) (STDOUT, API)#
#2026 09 16 09:54:00.524#Z#DEBUG#52171575-b1b4-11f1-bf33-eeee0a8e3dbc.incident-management-srv#flowable-async-job-executor-thread-15211#
[PollStartAppStatusExecution] 3aa583c2-6c70-4dd2-8a10-7716453168c8 [2026-09-16T09:53:50.666109] Creating revision for app with guid 3aa583c2-6c70-4dd2-8a10-7716453168c8 (STDOUT, API)#
#2026 09 16 09:54:00.524#Z#DEBUG#52171575-b1b4-11f1-bf33-eeee0a8e3dbc.incident-management-srv#flowable-async-job-executor-thread-15211#
[PollStartAppStatusExecution] 3aa583c2-6c70-4dd2-8a10-7716453168c8 [2026-09-16T09:53:50.709923] Starting app with guid 3aa583c2-6c70-4dd2-8a10-7716453168c8 (STDOUT, API)#
#2026 09 16 09:54:00.524#Z#DEBUG#52171575-b1b4-11f1-bf33-eeee0a8e3dbc.incident-management-srv#flowable-async-job-executor-thread-15211#
[PollStartAppStatusExecution] 3aa583c2-6c70-4dd2-8a10-7716453168c8 [2026-09-16T09:53:50.996007] Cell 684caff8-89cd-492b-be01-b3d0835f1763 creating container for instance 9041525f-6b5d-49b6-4c00-9e94 (STDOUT, CELL)#
#2026 09 16 09:54:00.524#Z#DEBUG#52171575-b1b4-11f1-bf33-eeee0a8e3dbc.incident-management-srv#flowable-async-job-executor-thread-15211#
[PollStartAppStatusExecution] 3aa583c2-6c70-4dd2-8a10-7716453168c8 [2026-09-16T09:53:51.721844] Security group rules were updated (STDOUT, CELL)#
#2026 09 16 09:54:00.524#Z#DEBUG#52171575-b1b4-11f1-bf33-eeee0a8e3dbc.incident-management-srv#flowable-async-job-executor-thread-15211#
[PollStartAppStatusExecution] 3aa583c2-6c70-4dd2-8a10-7716453168c8 [2026-09-16T09:53:51.820112] Cell 684caff8-89cd-492b-be01-b3d0835f1763 successfully created container for instance 9041525f-6b5d-49b6-4c00-9e94 (STDOUT, CELL)#
#2026 09 16 09:54:00.524#Z#DEBUG#52171575-b1b4-11f1-bf33-eeee0a8e3dbc.incident-management-srv#flowable-async-job-executor-thread-15211#
[PollStartAppStatusExecution] 3aa583c2-6c70-4dd2-8a10-7716453168c8 [2026-09-16T09:53:52.450551] Downloading droplet... (STDOUT, CELL)#
#2026 09 16 09:54:00.524#Z#DEBUG#52171575-b1b4-11f1-bf33-eeee0a8e3dbc.incident-management-srv#flowable-async-job-executor-thread-15211#
[PollStartAppStatusExecution] 3aa583c2-6c70-4dd2-8a10-7716453168c8 [2026-09-16T09:53:55.991444] Downloaded droplet (60M) (STDOUT, CELL)#
#2026 09 16 09:54:00.524#Z#DEBUG#52171575-b1b4-11f1-bf33-eeee0a8e3dbc.incident-management-srv#flowable-async-job-executor-thread-15211#
[PollStartAppStatusExecution] 3aa583c2-6c70-4dd2-8a10-7716453168c8 [2026-09-16T09:53:55.991915] Starting health monitoring of container (STDOUT, CELL)#
#2026 09 16 09:54:00.524#Z#DEBUG#52171575-b1b4-11f1-bf33-eeee0a8e3dbc.incident-management-srv#flowable-async-job-executor-thread-15211#
[PollStartAppStatusExecution] 3aa583c2-6c70-4dd2-8a10-7716453168c8 [2026-09-16T09:53:56.145935] Invoking pre-start scripts. (STDOUT, APP/PROC/WEB)#
#2026 09 16 09:54:00.524#Z#DEBUG#52171575-b1b4-11f1-bf33-eeee0a8e3dbc.incident-management-srv#flowable-async-job-executor-thread-15211#
[PollStartAppStatusExecution] 3aa583c2-6c70-4dd2-8a10-7716453168c8 [2026-09-16T09:53:56.398497] Invoking start command. (STDOUT, APP/PROC/WEB)#
#2026 09 16 09:54:00.524#Z#DEBUG#52171575-b1b4-11f1-bf33-eeee0a8e3dbc.incident-management-srv#flowable-async-job-executor-thread-15211#
[PollStartAppStatusExecution] 3aa583c2-6c70-4dd2-8a10-7716453168c8 [2026-09-16T09:53:56.906307] > incident-management@1.0.0 start (STDOUT, APP/PROC/WEB)#
#2026 09 16 09:54:00.524#Z#DEBUG#52171575-b1b4-11f1-bf33-eeee0a8e3dbc.incident-management-srv#flowable-async-job-executor-thread-15211#
[PollStartAppStatusExecution] 3aa583c2-6c70-4dd2-8a10-7716453168c8 [2026-09-16T09:53:56.906343] > cds-serve (STDOUT, APP/PROC/WEB)#
#2026 09 16 09:54:00.524#Z#DEBUG#52171575-b1b4-11f1-bf33-eeee0a8e3dbc.incident-management-srv#flowable-async-job-executor-thread-15211#
[PollStartAppStatusExecution] 3aa583c2-6c70-4dd2-8a10-7716453168c8 [2026-09-16T09:53:57.333550] {"level":"info","logger":"cds","timestamp":"2026-09-16T09:53:57.331Z","layer":"cds","component_type":"application","container_id":"10.32.1.6","component_id":"3aa583c2-6c70-4dd2-8a10-7716453168c8","component_name":"incident-management-srv","component_instance":0,"source_instance":0,"organization_name":"f6fb8b98trial","organization_id":"51770469-196a-4637-af29-36b1d314a5fa","space_name":"dev","space_id":"d54729ef-3276-4aae-bbf1-9ffea9c4a940","msg":"loaded model from 1 file(s):\n ","type":"log"} (STDOUT, APP/PROC/WEB)#
#2026 09 16 09:54:00.524#Z#DEBUG#52171575-b1b4-11f1-bf33-eeee0a8e3dbc.incident-management-srv#flowable-async-job-executor-thread-15211#
[PollStartAppStatusExecution] 3aa583c2-6c70-4dd2-8a10-7716453168c8 [2026-09-16T09:53:57.334115] srv/csn.json (STDOUT, APP/PROC/WEB)#
#2026 09 16 09:54:00.524#Z#DEBUG#52171575-b1b4-11f1-bf33-eeee0a8e3dbc.incident-management-srv#flowable-async-job-executor-thread-15211#
[PollStartAppStatusExecution] 3aa583c2-6c70-4dd2-8a10-7716453168c8 [2026-09-16T09:53:57.629337] {"level":"info","logger":"cds","timestamp":"2026-09-16T09:53:57.628Z","layer":"cds","component_type":"application","container_id":"10.32.1.6","component_id":"3aa583c2-6c70-4dd2-8a10-7716453168c8","component_name":"incident-management-srv","component_instance":0,"source_instance":0,"organization_name":"f6fb8b98trial","organization_id":"51770469-196a-4637-af29-36b1d314a5fa","space_name":"dev","space_id":"d54729ef-3276-4aae-bbf1-9ffea9c4a940","msg":"connect to db > hana {\n  database_id: '4da4af22-0cc1-4c9d-a6e7-719f9720276c',\n  host: '4da4af22-0cc1-4c9d-a6e7-719f9720276c.hna0.prod-us10.hanacloud.ondemand.com',\n  port: '443',\n  driver: 'com.sap.db.jdbc.Driver',\n  url: 'jdbc:sap://4da4af22-0cc1-4c9d-a6e7-719f9720276c.hna0.prod-us10.hanacloud.ondemand.com:443?encrypt=true&validateCertificate=true&currentschema=5FF7A647377A44D6A05255F1EC04CE54',\n  schema: '5FF7A647377A44D6A05255F1EC04CE54',\n  certificate: '...',\n  hdi_user: '5FF7A647377A44D6A05255F1EC04CE54_1D7D0PDMPT6DJGQTIB2XBTP8T_DT',\n  hdi_password: '...',\n  user: '5FF7A647377A44D6A05255F1EC04CE54_1D7D0PDMPT6DJGQTIB2XBTP8T_RT',\n  password: '...'\n}","type":"log"} (STDOUT, APP/PROC/WEB)#
#2026 09 16 09:54:00.525#Z#DEBUG#52171575-b1b4-11f1-bf33-eeee0a8e3dbc.incident-management-srv#flowable-async-job-executor-thread-15211#
[PollStartAppStatusExecution] 3aa583c2-6c70-4dd2-8a10-7716453168c8 [2026-09-16T09:53:57.701376] {"level":"info","logger":"cds","timestamp":"2026-09-16T09:53:57.700Z","layer":"cds","component_type":"application","container_id":"10.32.1.6","component_id":"3aa583c2-6c70-4dd2-8a10-7716453168c8","component_name":"incident-management-srv","component_instance":0,"source_instance":0,"organization_name":"f6fb8b98trial","organization_id":"51770469-196a-4637-af29-36b1d314a5fa","space_name":"dev","space_id":"d54729ef-3276-4aae-bbf1-9ffea9c4a940","msg":"using auth strategy { kind: 'xsuaa' }","type":"log"} (STDOUT, APP/PROC/WEB)#
#2026 09 16 09:54:00.525#Z#DEBUG#52171575-b1b4-11f1-bf33-eeee0a8e3dbc.incident-management-srv#flowable-async-job-executor-thread-15211#
[PollStartAppStatusExecution] 3aa583c2-6c70-4dd2-8a10-7716453168c8 [2026-09-16T09:53:57.736023] {"level":"info","logger":"cds","timestamp":"2026-09-16T09:53:57.735Z","layer":"cds","component_type":"application","container_id":"10.32.1.6","component_id":"3aa583c2-6c70-4dd2-8a10-7716453168c8","component_name":"incident-management-srv","component_instance":0,"source_instance":0,"organization_name":"f6fb8b98trial","organization_id":"51770469-196a-4637-af29-36b1d314a5fa","space_name":"dev","space_id":"d54729ef-3276-4aae-bbf1-9ffea9c4a940","msg":"serving ProcessorService {\n  at: [ '/odata/v4/processor' ],\n  decl: 'srv/csn.json:630',\n  impl: 'srv/services.js'\n}","type":"log"} (STDOUT, APP/PROC/WEB)#
#2026 09 16 09:54:00.525#Z#DEBUG#52171575-b1b4-11f1-bf33-eeee0a8e3dbc.incident-management-srv#flowable-async-job-executor-thread-15211#
[PollStartAppStatusExecution] 3aa583c2-6c70-4dd2-8a10-7716453168c8 [2026-09-16T09:53:57.737904] {"level":"info","logger":"cds","timestamp":"2026-09-16T09:53:57.737Z","layer":"cds","component_type":"application","container_id":"10.32.1.6","component_id":"3aa583c2-6c70-4dd2-8a10-7716453168c8","component_name":"incident-management-srv","component_instance":0,"source_instance":0,"organization_name":"f6fb8b98trial","organization_id":"51770469-196a-4637-af29-36b1d314a5fa","space_name":"dev","space_id":"d54729ef-3276-4aae-bbf1-9ffea9c4a940","msg":"serving AdminService {\n  at: [ '/odata/v4/admin' ],\n  decl: 'srv/csn.json:1115',\n  impl: 'srv/services.js'\n}","type":"log"} (STDOUT, APP/PROC/WEB)#
#2026 09 16 09:54:00.525#Z#DEBUG#52171575-b1b4-11f1-bf33-eeee0a8e3dbc.incident-management-srv#flowable-async-job-executor-thread-15211#
[PollStartAppStatusExecution] 3aa583c2-6c70-4dd2-8a10-7716453168c8 [2026-09-16T09:53:57.744631] {"level":"info","logger":"cds","timestamp":"2026-09-16T09:53:57.744Z","layer":"cds","component_type":"application","container_id":"10.32.1.6","component_id":"3aa583c2-6c70-4dd2-8a10-7716453168c8","component_name":"incident-management-srv","component_instance":0,"source_instance":0,"organization_name":"f6fb8b98trial","organization_id":"51770469-196a-4637-af29-36b1d314a5fa","space_name":"dev","space_id":"d54729ef-3276-4aae-bbf1-9ffea9c4a940","msg":"server listening on { url: 'http://localhost:8080' }","type":"log"} (STDOUT, APP/PROC/WEB)#
#2026 09 16 09:54:00.525#Z#DEBUG#52171575-b1b4-11f1-bf33-eeee0a8e3dbc.incident-management-srv#flowable-async-job-executor-thread-15211#
[PollStartAppStatusExecution] 3aa583c2-6c70-4dd2-8a10-7716453168c8 [2026-09-16T09:53:57.747177] {"level":"info","logger":"cds","timestamp":"2026-09-16T09:53:57.746Z","layer":"cds","component_type":"application","container_id":"10.32.1.6","component_id":"3aa583c2-6c70-4dd2-8a10-7716453168c8","component_name":"incident-management-srv","component_instance":0,"source_instance":0,"organization_name":"f6fb8b98trial","organization_id":"51770469-196a-4637-af29-36b1d314a5fa","space_name":"dev","space_id":"d54729ef-3276-4aae-bbf1-9ffea9c4a940","msg":"server v10.1.0 launched in 826 ms","type":"log"} (STDOUT, APP/PROC/WEB)#
#2026 09 16 09:54:00.525#Z#DEBUG#52171575-b1b4-11f1-bf33-eeee0a8e3dbc.incident-management-srv#flowable-async-job-executor-thread-15211#
[PollStartAppStatusExecution] 3aa583c2-6c70-4dd2-8a10-7716453168c8 [2026-09-16T09:53:57.924112] {"level":"warn","logger":"queue","correlation_id":"c31ad03f-e7a4-4c8c-b262-1ad7ad27650c","timestamp":"2026-09-16T09:53:57.923Z","msg":"Failed to fetch targets for flush invalid table name:  Could not find table/view CDS_OUTBOX_MESSAGES in schema 5FF7A647377A44D6A05255F1EC04CE54: line 1 col 53 (at pos 52)","message":"invalid table name:  Could not find table/view CDS_OUTBOX_MESSAGES in schema 5FF7A647377A44D6A05255F1EC04CE54: line 1 col 53 (at pos 52)","code":259,"sqlState":"HY000","position":52,"query":"WITH \"$TA0\" as (SELECT \"$M\".target as \"target\" FROM cds_outbox_Messages as \"$M\" GROUP BY \"$M\".target) SELECT '$[0' as \"_path_\",'{}' as \"_blobs_\",'{}' as \"_expands_\",(SELECT \"target\" FROM JSON_TABLE('{}', '$' COLUMNS(\"'$$FaKeDuMmYCoLuMn$$'\" FOR ORDINALITY)) FOR JSON ('format'='no', 'omitnull'='no', 'arraywrap'='no') RETURNS NVARCHAR(2147483647)) as \"_json_\" FROM \"$TA0\" ORDER BY \"_path_\" ASC","layer":"cds","component_type":"application","container_id":"10.32.1.6","component_id":"3aa583c2-6c70-4dd2-8a10-7716453168c8","component_name":"incident-management-srv","component_instance":0,"source_instance":0,"organization_name":"f6fb8b98trial","organization_id":"51770469-196a-4637-af29-36b1d314a5fa","space_name":"dev","space_id":"d54729ef-3276-4aae-bbf1-9ffea9c4a940","type":"log"} (STDERR, APP/PROC/WEB)#
#2026 09 16 09:54:00.525#Z#DEBUG#52171575-b1b4-11f1-bf33-eeee0a8e3dbc.incident-management-srv#flowable-async-job-executor-thread-15211#
[PollStartAppStatusExecution] 3aa583c2-6c70-4dd2-8a10-7716453168c8 [2026-09-16T09:53:58.914954] Container became healthy (STDOUT, CELL)#
#2026 09 16 09:54:00.525#Z#DEBUG#52171575-b1b4-11f1-bf33-eeee0a8e3dbc.incident-management-srv#flowable-async-job-executor-thread-15211#
[PollStartAppStatusExecution] 3aa583c2-6c70-4dd2-8a10-7716453168c8 [2026-09-16T09:53:58.955878] Process became ready with guid 3aa583c2-6c70-4dd2-8a10-7716453168c8 payload: {"instance"=>"9041525f-6b5d-49b6-4c00-9e94", "index"=>0, "cell_id"=>"684caff8-89cd-492b-be01-b3d0835f1763", "ready"=>true, "version"=>"273d14ac-63db-47d0-bb9b-4876bda1b8f9"} (STDOUT, API)#
